[     588ms] [ERROR] Access to fetch at 'https://vivabien.xyz/api/track' from origin 'http://localhost:8767' has been blocked by CORS policy: Response to preflight request doesn't pass access control check: The 'Access-Control-Allow-Origin' header has a value 'https://vivabien.xyz' that is not equal to the supplied origin. Have the server send the header with a valid value. @ http://localhost:8767/panel-autoadhesivo-temu.html:0
[     588ms] [ERROR] Failed to load resource: net::ERR_FAILED @ https://vivabien.xyz/api/track:0
[     672ms] [ERROR] Failed to load resource: the server responded with a status of 404 (File not found) @ http://localhost:8767/favicon.ico:0
[   17775ms] [ERROR] Access to fetch at 'https://vivabien.xyz/api/track' from origin 'http://localhost:8767' has been blocked by CORS policy: Response to preflight request doesn't pass access control check: The 'Access-Control-Allow-Origin' header has a value 'https://vivabien.xyz' that is not equal to the supplied origin. Have the server send the header with a valid value. @ http://localhost:8767/panel-autoadhesivo-temu.html:0
[   17775ms] [ERROR] Failed to load resource: net::ERR_FAILED @ https://vivabien.xyz/api/track:0
[   17775ms] [ERROR] Access to fetch at 'https://vivabien.xyz/api/track' from origin 'http://localhost:8767' has been blocked by CORS policy: Response to preflight request doesn't pass access control check: The 'Access-Control-Allow-Origin' header has a value 'https://vivabien.xyz' that is not equal to the supplied origin. Have the server send the header with a valid value. @ http://localhost:8767/panel-autoadhesivo-temu.html:0
[   17775ms] [ERROR] Failed to load resource: net::ERR_FAILED @ https://vivabien.xyz/api/track:0
[   19515ms] [ERROR] Access to fetch at 'https://vivabien.xyz/api/track' from origin 'http://localhost:8767' has been blocked by CORS policy: Response to preflight request doesn't pass access control check: The 'Access-Control-Allow-Origin' header has a value 'https://vivabien.xyz' that is not equal to the supplied origin. Have the server send the header with a valid value. @ http://localhost:8767/panel-autoadhesivo-temu.html:0
[   19516ms] [ERROR] Failed to load resource: net::ERR_FAILED @ https://vivabien.xyz/api/track:0
[   19518ms] [ERROR] Access to fetch at 'https://vivabien.xyz/api/track' from origin 'http://localhost:8767' has been blocked by CORS policy: Response to preflight request doesn't pass access control check: The 'Access-Control-Allow-Origin' header has a value 'https://vivabien.xyz' that is not equal to the supplied origin. Have the server send the header with a valid value. @ http://localhost:8767/panel-autoadhesivo-temu.html:0
[   19518ms] [ERROR] Failed to load resource: net::ERR_FAILED @ https://vivabien.xyz/api/track:0
[   21581ms] [ERROR] Access to fetch at 'https://vivabien.xyz/api/track' from origin 'http://localhost:8767' has been blocked by CORS policy: Response to preflight request doesn't pass access control check: The 'Access-Control-Allow-Origin' header has a value 'https://vivabien.xyz' that is not equal to the supplied origin. Have the server send the header with a valid value. @ http://localhost:8767/panel-autoadhesivo-temu.html:0
[   21581ms] [ERROR] Failed to load resource: net::ERR_FAILED @ https://vivabien.xyz/api/track:0
[   21581ms] [ERROR] Access to fetch at 'https://vivabien.xyz/api/track' from origin 'http://localhost:8767' has been blocked by CORS policy: Response to preflight request doesn't pass access control check: The 'Access-Control-Allow-Origin' header has a value 'https://vivabien.xyz' that is not equal to the supplied origin. Have the server send the header with a valid value. @ http://localhost:8767/panel-autoadhesivo-temu.html:0
[   21581ms] [ERROR] Failed to load resource: net::ERR_FAILED @ https://vivabien.xyz/api/track:0
[   21581ms] [ERROR] Access to fetch at 'https://vivabien.xyz/api/track' from origin 'http://localhost:8767' has been blocked by CORS policy: Response to preflight request doesn't pass access control check: The 'Access-Control-Allow-Origin' header has a value 'https://vivabien.xyz' that is not equal to the supplied origin. Have the server send the header with a valid value. @ http://localhost:8767/panel-autoadhesivo-temu.html:0
[   21581ms] [ERROR] Failed to load resource: net::ERR_FAILED @ https://vivabien.xyz/api/track:0
[   21581ms] [ERROR] Access to fetch at 'https://vivabien.xyz/api/track' from origin 'http://localhost:8767' has been blocked by CORS policy: Response to preflight request doesn't pass access control check: The 'Access-Control-Allow-Origin' header has a value 'https://vivabien.xyz' that is not equal to the supplied origin. Have the server send the header with a valid value. @ http://localhost:8767/panel-autoadhesivo-temu.html:0
[   21581ms] [ERROR] Failed to load resource: net::ERR_FAILED @ https://vivabien.xyz/api/track:0
[   23098ms] [ERROR] Access to fetch at 'https://vivabien.xyz/api/track' from origin 'http://localhost:8767' has been blocked by CORS policy: Response to preflight request doesn't pass access control check: The 'Access-Control-Allow-Origin' header has a value 'https://vivabien.xyz' that is not equal to the supplied origin. Have the server send the header with a valid value. @ http://localhost:8767/panel-autoadhesivo-temu.html:0
[   23098ms] [ERROR] Failed to load resource: net::ERR_FAILED @ https://vivabien.xyz/api/track:0
[   25072ms] [ERROR] Access to fetch at 'https://vivabien.xyz/api/track' from origin 'http://localhost:8767' has been blocked by CORS policy: Response to preflight request doesn't pass access control check: The 'Access-Control-Allow-Origin' header has a value 'https://vivabien.xyz' that is not equal to the supplied origin. Have the server send the header with a valid value. @ http://localhost:8767/panel-autoadhesivo-temu.html:0
[   25072ms] [ERROR] Failed to load resource: net::ERR_FAILED @ https://vivabien.xyz/api/track:0
[   25099ms] [ERROR] Access to fetch at 'https://vivabien.xyz/api/track' from origin 'http://localhost:8767' has been blocked by CORS policy: Response to preflight request doesn't pass access control check: The 'Access-Control-Allow-Origin' header has a value 'https://vivabien.xyz' that is not equal to the supplied origin. Have the server send the header with a valid value. @ http://localhost:8767/panel-autoadhesivo-temu.html:0
[   25099ms] [ERROR] Failed to load resource: net::ERR_FAILED @ https://vivabien.xyz/api/track:0
[   30367ms] [ERROR] Access to fetch at 'https://vivabien.xyz/api/track' from origin 'http://localhost:8767' has been blocked by CORS policy: Response to preflight request doesn't pass access control check: The 'Access-Control-Allow-Origin' header has a value 'https://vivabien.xyz' that is not equal to the supplied origin. Have the server send the header with a valid value. @ http://localhost:8767/panel-autoadhesivo-temu.html:0
[   30367ms] [ERROR] Failed to load resource: net::ERR_FAILED @ https://vivabien.xyz/api/track:0
[   46076ms] [ERROR] Access to fetch at 'https://vivabien.xyz/api/track' from origin 'http://localhost:8767' has been blocked by CORS policy: Response to preflight request doesn't pass access control check: The 'Access-Control-Allow-Origin' header has a value 'https://vivabien.xyz' that is not equal to the supplied origin. Have the server send the header with a valid value. @ http://localhost:8767/panel-autoadhesivo-temu.html:0
[   46076ms] [ERROR] Failed to load resource: net::ERR_FAILED @ https://vivabien.xyz/api/track:0
[   60479ms] [ERROR] Access to fetch at 'https://vivabien.xyz/api/track' from origin 'http://localhost:8767' has been blocked by CORS policy: Response to preflight request doesn't pass access control check: The 'Access-Control-Allow-Origin' header has a value 'https://vivabien.xyz' that is not equal to the supplied origin. Have the server send the header with a valid value. @ http://localhost:8767/panel-autoadhesivo-temu.html:0
[   60480ms] [ERROR] Failed to load resource: net::ERR_FAILED @ https://vivabien.xyz/api/track:0
[   91213ms] [ERROR] Access to fetch at 'https://vivabien.xyz/api/track' from origin 'http://localhost:8767' has been blocked by CORS policy: Response to preflight request doesn't pass access control check: The 'Access-Control-Allow-Origin' header has a value 'https://vivabien.xyz' that is not equal to the supplied origin. Have the server send the header with a valid value. @ http://localhost:8767/panel-autoadhesivo-temu.html:0
[   91213ms] [ERROR] Failed to load resource: net::ERR_FAILED @ https://vivabien.xyz/api/track:0
[  120500ms] [ERROR] Access to fetch at 'https://vivabien.xyz/api/track' from origin 'http://localhost:8767' has been blocked by CORS policy: Response to preflight request doesn't pass access control check: The 'Access-Control-Allow-Origin' header has a value 'https://vivabien.xyz' that is not equal to the supplied origin. Have the server send the header with a valid value. @ http://localhost:8767/panel-autoadhesivo-temu.html:0
[  120500ms] [ERROR] Failed to load resource: net::ERR_FAILED @ https://vivabien.xyz/api/track:0
[  150392ms] [ERROR] Access to fetch at 'https://vivabien.xyz/api/track' from origin 'http://localhost:8767' has been blocked by CORS policy: Response to preflight request doesn't pass access control check: The 'Access-Control-Allow-Origin' header has a value 'https://vivabien.xyz' that is not equal to the supplied origin. Have the server send the header with a valid value. @ http://localhost:8767/panel-autoadhesivo-temu.html:0
[  150392ms] [ERROR] Failed to load resource: net::ERR_FAILED @ https://vivabien.xyz/api/track:0
[  180385ms] [ERROR] Access to fetch at 'https://vivabien.xyz/api/track' from origin 'http://localhost:8767' has been blocked by CORS policy: Response to preflight request doesn't pass access control check: The 'Access-Control-Allow-Origin' header has a value 'https://vivabien.xyz' that is not equal to the supplied origin. Have the server send the header with a valid value. @ http://localhost:8767/panel-autoadhesivo-temu.html:0
[  180385ms] [ERROR] Failed to load resource: net::ERR_FAILED @ https://vivabien.xyz/api/track:0
[  210382ms] [ERROR] Access to fetch at 'https://vivabien.xyz/api/track' from origin 'http://localhost:8767' has been blocked by CORS policy: Response to preflight request doesn't pass access control check: The 'Access-Control-Allow-Origin' header has a value 'https://vivabien.xyz' that is not equal to the supplied origin. Have the server send the header with a valid value. @ http://localhost:8767/panel-autoadhesivo-temu.html:0
[  210382ms] [ERROR] Failed to load resource: net::ERR_FAILED @ https://vivabien.xyz/api/track:0
[  240621ms] [ERROR] Access to fetch at 'https://vivabien.xyz/api/track' from origin 'http://localhost:8767' has been blocked by CORS policy: Response to preflight request doesn't pass access control check: The 'Access-Control-Allow-Origin' header has a value 'https://vivabien.xyz' that is not equal to the supplied origin. Have the server send the header with a valid value. @ http://localhost:8767/panel-autoadhesivo-temu.html:0
[  240621ms] [ERROR] Failed to load resource: net::ERR_FAILED @ https://vivabien.xyz/api/track:0
[  270446ms] [ERROR] Access to fetch at 'https://vivabien.xyz/api/track' from origin 'http://localhost:8767' has been blocked by CORS policy: Response to preflight request doesn't pass access control check: The 'Access-Control-Allow-Origin' header has a value 'https://vivabien.xyz' that is not equal to the supplied origin. Have the server send the header with a valid value. @ http://localhost:8767/panel-autoadhesivo-temu.html:0
[  270446ms] [ERROR] Failed to load resource: net::ERR_FAILED @ https://vivabien.xyz/api/track:0
[  300476ms] [ERROR] Access to fetch at 'https://vivabien.xyz/api/track' from origin 'http://localhost:8767' has been blocked by CORS policy: Response to preflight request doesn't pass access control check: The 'Access-Control-Allow-Origin' header has a value 'https://vivabien.xyz' that is not equal to the supplied origin. Have the server send the header with a valid value. @ http://localhost:8767/panel-autoadhesivo-temu.html:0
[  300476ms] [ERROR] Failed to load resource: net::ERR_FAILED @ https://vivabien.xyz/api/track:0
[  330391ms] [ERROR] Access to fetch at 'https://vivabien.xyz/api/track' from origin 'http://localhost:8767' has been blocked by CORS policy: Response to preflight request doesn't pass access control check: The 'Access-Control-Allow-Origin' header has a value 'https://vivabien.xyz' that is not equal to the supplied origin. Have the server send the header with a valid value. @ http://localhost:8767/panel-autoadhesivo-temu.html:0
[  330391ms] [ERROR] Failed to load resource: net::ERR_FAILED @ https://vivabien.xyz/api/track:0
[  360411ms] [ERROR] Access to fetch at 'https://vivabien.xyz/api/track' from origin 'http://localhost:8767' has been blocked by CORS policy: Response to preflight request doesn't pass access control check: The 'Access-Control-Allow-Origin' header has a value 'https://vivabien.xyz' that is not equal to the supplied origin. Have the server send the header with a valid value. @ http://localhost:8767/panel-autoadhesivo-temu.html:0
[  360412ms] [ERROR] Failed to load resource: net::ERR_FAILED @ https://vivabien.xyz/api/track:0
[  390390ms] [ERROR] Access to fetch at 'https://vivabien.xyz/api/track' from origin 'http://localhost:8767' has been blocked by CORS policy: Response to preflight request doesn't pass access control check: The 'Access-Control-Allow-Origin' header has a value 'https://vivabien.xyz' that is not equal to the supplied origin. Have the server send the header with a valid value. @ http://localhost:8767/panel-autoadhesivo-temu.html:0
[  390390ms] [ERROR] Failed to load resource: net::ERR_FAILED @ https://vivabien.xyz/api/track:0
[  420427ms] [ERROR] Access to fetch at 'https://vivabien.xyz/api/track' from origin 'http://localhost:8767' has been blocked by CORS policy: Response to preflight request doesn't pass access control check: The 'Access-Control-Allow-Origin' header has a value 'https://vivabien.xyz' that is not equal to the supplied origin. Have the server send the header with a valid value. @ http://localhost:8767/panel-autoadhesivo-temu.html:0
[  420427ms] [ERROR] Failed to load resource: net::ERR_FAILED @ https://vivabien.xyz/api/track:0
